=========================================
Configuration:
=========================================
  Number of shards:  3
  Shard index:       2
  Number of threads: 2
  Cluster:           learner
  Micro benchmark:   disabled
  Replicated mode:   enabled
=========================================
20251110-04:01.09-665907(us) 19803 * ParseOldFormat  (configuration.cc:66): Using old configuration format
I [/opt/actions-runner/_work/mako-fast-reads/mako-fast-reads/src/deptran/paxos_main_helper.cc:78] 2025-12-10 04:01:09.666 | PWD : /opt/actions-runner/_work/mako-fast-reads/mako-fast-reads
I [/opt/actions-runner/_work/mako-fast-reads/mako-fast-reads/src/deptran/paxos_main_helper.cc:276] 2025-12-10 04:01:09.666 | starting process 19803
I [/opt/actions-runner/_work/mako-fast-reads/mako-fast-reads/src/deptran/config.cc:290] 2025-12-10 04:01:09.666 | LoadYML: config/1leader_2followers/paxos2_shardidx2.yml
I [/opt/actions-runner/_work/mako-fast-reads/mako-fast-reads/src/deptran/config.cc:290] 2025-12-10 04:01:09.666 | LoadYML: config/occ_paxos.yml
I [/opt/actions-runner/_work/mako-fast-reads/mako-fast-reads/src/deptran/paxos_main_helper.cc:285] 2025-12-10 04:01:09.666 | server_infos, number of sites: 2, proc_name: learner
I [/opt/actions-runner/_work/mako-fast-reads/mako-fast-reads/src/deptran/paxos_main_helper.cc:291] 2025-12-10 04:01:09.672 | parition id of each Paxos group is 1, site-name: s402, site-id: 7
I [/opt/actions-runner/_work/mako-fast-reads/mako-fast-reads/src/deptran/paxos_main_helper.cc:291] 2025-12-10 04:01:09.677 | parition id of each Paxos group is 0, site-name: s401, site-id: 3
I [/opt/actions-runner/_work/mako-fast-reads/mako-fast-reads/src/deptran/paxos_main_helper.cc:297] 2025-12-10 04:01:09.677 | running machine-id: 3
I [/opt/actions-runner/_work/mako-fast-reads/mako-fast-reads/src/deptran/paxos_main_helper.cc:92] 2025-12-10 04:01:09.677 | launching site: 3, bind address 0.0.0.0:19301
I [/opt/actions-runner/_work/mako-fast-reads/mako-fast-reads/src/deptran/paxos_main_helper.cc:106] 2025-12-10 04:01:09.677 | waiting for server setup threads.
I [/opt/actions-runner/_work/mako-fast-reads/mako-fast-reads/src/deptran/paxos_main_helper.cc:92] 2025-12-10 04:01:09.677 | launching site: 7, bind address 0.0.0.0:19302
I [/opt/actions-runner/_work/mako-fast-reads/mako-fast-reads/src/deptran/paxos_worker.cc:198] 2025-12-10 04:01:09.677 | [service]loc_id: 3, name: s401, proc: learner, id: 3
I [/opt/actions-runner/_work/mako-fast-reads/mako-fast-reads/src/deptran/paxos_worker.cc:198] 2025-12-10 04:01:09.677 | [service]loc_id: 3, name: s402, proc: learner, id: 7
starting server at 0.0.0.0:19301
starting server at 0.0.0.0:19302
I [/opt/actions-runner/_work/mako-fast-reads/mako-fast-reads/src/deptran/paxos_worker.cc:221] 2025-12-10 04:01:09.678 | Server s402 ready at 0.0.0.0:19302
I [/opt/actions-runner/_work/mako-fast-reads/mako-fast-reads/src/deptran/paxos_worker.cc:221] 2025-12-10 04:01:09.678 | Server s401 ready at 0.0.0.0:19301
I [/opt/actions-runner/_work/mako-fast-reads/mako-fast-reads/src/deptran/communicator.cc:14] 2025-12-10 04:01:09.678 | setup paxos communicator
I [/opt/actions-runner/_work/mako-fast-reads/mako-fast-reads/src/deptran/communicator.cc:14] 2025-12-10 04:01:09.678 | setup paxos communicator
I [/opt/actions-runner/_work/mako-fast-reads/mako-fast-reads/src/deptran/communicator.cc:175] 2025-12-10 04:01:09.678 | connect to site: 127.0.0.1:19001 (attempt 0)
I [/opt/actions-runner/_work/mako-fast-reads/mako-fast-reads/src/deptran/communicator.cc:175] 2025-12-10 04:01:09.678 | connect to site: 127.0.0.1:19001 (attempt 0)
E [/opt/actions-runner/_work/mako-fast-reads/mako-fast-reads/src/rrr/rpc/client.cpp:194] 2025-12-10 04:01:09.678 | rrr::Client: connect(127.0.0.1:19001): Connection refused
E [/opt/actions-runner/_work/mako-fast-reads/mako-fast-reads/src/rrr/rpc/client.cpp:194] 2025-12-10 04:01:09.678 | rrr::Client: connect(127.0.0.1:19001): Connection refused
I [/opt/actions-runner/_work/mako-fast-reads/mako-fast-reads/src/deptran/communicator.cc:175] 2025-12-10 04:01:10.678 | connect to site: 127.0.0.1:19001 (attempt 1)
I [/opt/actions-runner/_work/mako-fast-reads/mako-fast-reads/src/deptran/communicator.cc:175] 2025-12-10 04:01:10.678 | connect to site: 127.0.0.1:19001 (attempt 1)
I [/opt/actions-runner/_work/mako-fast-reads/mako-fast-reads/src/deptran/communicator.cc:175] 2025-12-10 04:01:10.678 | connect to site: 127.0.0.1:19101 (attempt 0)
I [/opt/actions-runner/_work/mako-fast-reads/mako-fast-reads/src/deptran/communicator.cc:175] 2025-12-10 04:01:10.678 | connect to site: 127.0.0.1:19101 (attempt 0)
E [/opt/actions-runner/_work/mako-fast-reads/mako-fast-reads/src/rrr/rpc/client.cpp:194] 2025-12-10 04:01:10.678 | rrr::Client: connect(127.0.0.1:19101): Connection refused
E [/opt/actions-runner/_work/mako-fast-reads/mako-fast-reads/src/rrr/rpc/client.cpp:194] 2025-12-10 04:01:10.678 | rrr::Client: connect(127.0.0.1:19101): Connection refused
I [/opt/actions-runner/_work/mako-fast-reads/mako-fast-reads/src/deptran/communicator.cc:175] 2025-12-10 04:01:11.678 | connect to site: 127.0.0.1:19101 (attempt 1)
I [/opt/actions-runner/_work/mako-fast-reads/mako-fast-reads/src/deptran/communicator.cc:175] 2025-12-10 04:01:11.678 | connect to site: 127.0.0.1:19101 (attempt 1)
I [/opt/actions-runner/_work/mako-fast-reads/mako-fast-reads/src/deptran/communicator.cc:175] 2025-12-10 04:01:11.678 | connect to site: 127.0.0.1:19201 (attempt 0)
I [/opt/actions-runner/_work/mako-fast-reads/mako-fast-reads/src/deptran/communicator.cc:175] 2025-12-10 04:01:11.678 | connect to site: 127.0.0.1:19201 (attempt 0)
I [/opt/actions-runner/_work/mako-fast-reads/mako-fast-reads/src/deptran/communicator.cc:175] 2025-12-10 04:01:11.678 | connect to site: 127.0.0.1:19301 (attempt 0)
I [/opt/actions-runner/_work/mako-fast-reads/mako-fast-reads/src/deptran/communicator.cc:175] 2025-12-10 04:01:11.678 | connect to site: 127.0.0.1:19301 (attempt 0)
I [/opt/actions-runner/_work/mako-fast-reads/mako-fast-reads/src/deptran/communicator.cc:175] 2025-12-10 04:01:11.678 | connect to site: 127.0.0.1:19002 (attempt 0)
I [/opt/actions-runner/_work/mako-fast-reads/mako-fast-reads/src/deptran/communicator.cc:175] 2025-12-10 04:01:11.678 | connect to site: 127.0.0.1:19002 (attempt 0)
I [/opt/actions-runner/_work/mako-fast-reads/mako-fast-reads/src/deptran/communicator.cc:175] 2025-12-10 04:01:11.678 | connect to site: 127.0.0.1:19102 (attempt 0)
I [/opt/actions-runner/_work/mako-fast-reads/mako-fast-reads/src/deptran/communicator.cc:175] 2025-12-10 04:01:11.678 | connect to site: 127.0.0.1:19102 (attempt 0)
I [/opt/actions-runner/_work/mako-fast-reads/mako-fast-reads/src/deptran/communicator.cc:175] 2025-12-10 04:01:11.678 | connect to site: 127.0.0.1:19202 (attempt 0)
I [/opt/actions-runner/_work/mako-fast-reads/mako-fast-reads/src/deptran/communicator.cc:175] 2025-12-10 04:01:11.678 | connect to site: 127.0.0.1:19202 (attempt 0)
I [/opt/actions-runner/_work/mako-fast-reads/mako-fast-reads/src/deptran/communicator.cc:175] 2025-12-10 04:01:11.678 | connect to site: 127.0.0.1:19302 (attempt 0)
I [/opt/actions-runner/_work/mako-fast-reads/mako-fast-reads/src/deptran/communicator.cc:175] 2025-12-10 04:01:11.678 | connect to site: 127.0.0.1:19302 (attempt 0)
I [/opt/actions-runner/_work/mako-fast-reads/mako-fast-reads/src/deptran/paxos_main_helper.cc:103] 2025-12-10 04:01:11.678 | site 7 launched!
I [/opt/actions-runner/_work/mako-fast-reads/mako-fast-reads/src/deptran/paxos_main_helper.cc:103] 2025-12-10 04:01:11.678 | site 3 launched!
I [/opt/actions-runner/_work/mako-fast-reads/mako-fast-reads/src/deptran/paxos_main_helper.cc:110] 2025-12-10 04:01:11.678 | done waiting for server setup threads.
I [/opt/actions-runner/_work/mako-fast-reads/mako-fast-reads/src/deptran/paxos_worker.cc:255] 2025-12-10 04:01:11.678 | heartbeat setup for s401 on 0.0.0.0:29301
I [/opt/actions-runner/_work/mako-fast-reads/mako-fast-reads/src/deptran/paxos_worker.cc:255] 2025-12-10 04:01:11.678 | heartbeat setup for s402 on 0.0.0.0:29302
I [/opt/actions-runner/_work/mako-fast-reads/mako-fast-reads/src/deptran/paxos_main_helper.cc:117] 2025-12-10 04:01:11.678 | server workers' communicators setup
I [/opt/actions-runner/_work/mako-fast-reads/mako-fast-reads/src/deptran/paxos_main_helper.cc:756] 2025-12-10 04:01:11.678 | start a heartbeatBackground, addr:127.0.0.1:29001
E [/opt/actions-runner/_work/mako-fast-reads/mako-fast-reads/src/rrr/rpc/client.cpp:194] 2025-12-10 04:01:11.679 | rrr::Client: connect(127.0.0.1:29001): Connection refused
tpcc settings:
  cross_partition_transactions : 1
  read_only_snapshots          : 1
  partition_locks              : 0
  separate_tree_per_partition  : 1
  new_order_remote_item_pct    : 1
  new_order_fast_id_gen        : 1
  uniform_item_dist            : 0
  order_status_scan_hack       : 0
  workload_mix                 : [10, 10, 0, 40, 40]
reinitializing partitions under failure
reinitializing partitions under failure - DONE
new table is createded with name: customer_remote_1, table-id: 1, on shard-server id:0
new table is createded with name: customer_remote_2, table-id: 2, on shard-server id:0
new table is createded with name: customer_remote_3, table-id: 201, on shard-server id:1
new table is createded with name: customer_remote_4, table-id: 202, on shard-server id:1
new table is createded with name: customer_name_idx_remote_1, table-id: 3, on shard-server id:0
new table is createded with name: customer_name_idx_remote_2, table-id: 4, on shard-server id:0
new table is createded with name: customer_name_idx_remote_3, table-id: 203, on shard-server id:1
new table is createded with name: customer_name_idx_remote_4, table-id: 204, on shard-server id:1
new table is createded with name: district_remote_1, table-id: 5, on shard-server id:0
new table is createded with name: district_remote_2, table-id: 6, on shard-server id:0
new table is createded with name: district_remote_3, table-id: 205, on shard-server id:1
new table is createded with name: district_remote_4, table-id: 206, on shard-server id:1
new table is createded with name: history_remote_1, table-id: 7, on shard-server id:0
new table is createded with name: history_remote_2, table-id: 8, on shard-server id:0
new table is createded with name: history_remote_3, table-id: 207, on shard-server id:1
new table is createded with name: history_remote_4, table-id: 208, on shard-server id:1
new table is createded with name: new_order_remote_1, table-id: 9, on shard-server id:0
new table is createded with name: new_order_remote_2, table-id: 10, on shard-server id:0
new table is createded with name: new_order_remote_3, table-id: 209, on shard-server id:1
new table is createded with name: new_order_remote_4, table-id: 210, on shard-server id:1
new table is createded with name: oorder_remote_1, table-id: 11, on shard-server id:0
new table is createded with name: oorder_remote_2, table-id: 12, on shard-server id:0
new table is createded with name: oorder_remote_3, table-id: 211, on shard-server id:1
new table is createded with name: oorder_remote_4, table-id: 212, on shard-server id:1
new table is createded with name: oorder_c_id_idx_remote_1, table-id: 13, on shard-server id:0
new table is createded with name: oorder_c_id_idx_remote_2, table-id: 14, on shard-server id:0
new table is createded with name: oorder_c_id_idx_remote_3, table-id: 213, on shard-server id:1
new table is createded with name: oorder_c_id_idx_remote_4, table-id: 214, on shard-server id:1
new table is createded with name: order_line_remote_1, table-id: 15, on shard-server id:0
new table is createded with name: order_line_remote_2, table-id: 16, on shard-server id:0
new table is createded with name: order_line_remote_3, table-id: 215, on shard-server id:1
new table is createded with name: order_line_remote_4, table-id: 216, on shard-server id:1
new table is createded with name: stock_remote_1, table-id: 17, on shard-server id:0
new table is createded with name: stock_remote_2, table-id: 18, on shard-server id:0
new table is createded with name: stock_remote_3, table-id: 217, on shard-server id:1
new table is createded with name: stock_remote_4, table-id: 218, on shard-server id:1
new table is createded with name: stock_data_remote_1, table-id: 19, on shard-server id:0
new table is createded with name: stock_data_remote_2, table-id: 20, on shard-server id:0
new table is createded with name: stock_data_remote_3, table-id: 219, on shard-server id:1
new table is createded with name: stock_data_remote_4, table-id: 220, on shard-server id:1
new table is createded with name: warehouse_remote_1, table-id: 21, on shard-server id:0
new table is createded with name: warehouse_remote_2, table-id: 22, on shard-server id:0
new table is createded with name: warehouse_remote_3, table-id: 221, on shard-server id:1
new table is createded with name: warehouse_remote_4, table-id: 222, on shard-server id:1
new table is createded with name: item_remote_1, table-id: 23, on shard-server id:0
new table is createded with name: item_remote_2, table-id: 24, on shard-server id:0
new table is createded with name: item_remote_3, table-id: 223, on shard-server id:1
new table is createded with name: item_remote_4, table-id: 224, on shard-server id:1
20251110-04:01.14-679546(us) 19803 * ParseOldFormat  (configuration.cc:66): Using old configuration format
20251110-04:01.14-679580(us) 19803 * ParseOldFormat  (configuration.cc:66): Using old configuration format
[TRANSPORT] Using default: rrr
[TRANSPORT] Using default: rrr
20251110-04:01.14-679732(us) 19803 * Initialize      (rrr_rpc_backend.cc:58): RrrRpcBackend::Initialize: poll_thread_worker_ created, is_some=1
20251110-04:01.14-679753(us) 19803 * Initialize      (rrr_rpc_backend.cc:58): RrrRpcBackend::Initialize: poll_thread_worker_ created, is_some=1
20251110-04:01.14-679763(us) 19803 * Initialize      (rrr_rpc_backend.cc:88): RrrRpcBackend initialized on 127.0.0.1:34207 (listening on 0.0.0.0:34207)
20251110-04:01.14-679768(us) 19803 * FastTransport   (fasttransport.cc:116): FastTransport initialized with rrr/rpc backend on 127.0.0.1:34207
20251110-04:01.14-679778(us) 19803 * RunEventLoop    (rrr_rpc_backend.cc:518): RrrRpcBackend::RunEventLoop: Starting event loop
20251110-04:01.14-679784(us) 19803 * Initialize      (rrr_rpc_backend.cc:88): RrrRpcBackend initialized on 127.0.0.1:34208 (listening on 0.0.0.0:34208)
20251110-04:01.14-679789(us) 19803 * FastTransport   (fasttransport.cc:116): FastTransport initialized with rrr/rpc backend on 127.0.0.1:34208
20251110-04:01.14-679799(us) 19803 * RunEventLoop    (rrr_rpc_backend.cc:518): RrrRpcBackend::RunEventLoop: Starting event loop
20251110-04:01.14-680365(us) 19803 * ParseOldFormat  (configuration.cc:66): Using old configuration format
20251110-04:01.14-680426(us) 19803 * ParseOldFormat  (configuration.cc:66): Using old configuration format
20251110-04:01.14-680523(us) 19803 * ParseOldFormat  (configuration.cc:66): Using old configuration format
20251110-04:01.14-680557(us) 19803 * ParseOldFormat  (configuration.cc:66): Using old configuration format
20251110-04:01.14-680664(us) 19803 * ParseOldFormat  (configuration.cc:66): Using old configuration format
20251110-04:01.14-680798(us) 19803 * ParseOldFormat  (configuration.cc:66): Using old configuration format
20251110-04:01.14-680836(us) 19803 * ParseOldFormat  (configuration.cc:66): Using old configuration format
20251110-04:01.14-680890(us) 19803 * ParseOldFormat  (configuration.cc:66): Using old configuration format
20251110-04:01.14-681142(us) 19803 ! modeMonitor     (common2.h:100):    start for modeMonitor, running:0
start worker:2186
allocator::Initialize()
  hugepgsize: 2097152
  use MADV_WILLNEED: 1
  mmap() region [0x7859c0e00000, 0x785a01000000)
cpu0 owns [0x7859c0e00000, 0x7859e0e00000)
cpu1 owns [0x7859e0e00000, 0x785a00e00000)
Database Benchmark:
  pid: 19803
settings:
  num-cpus    : 32
  num-threads : 2
  shardIndex  : 2
  paxos_proc_name  : learner
  nshards     : 3
  is_micro    : 0
  is_replicated : 1
  var-encode  : yes
  allocator   : jemalloc
system properties:
  tuple_prefetch          : no
  btree_node_prefetch     : yes
20251110-04:01.14-681282(us) 19803 ! Init            (sync_util.hh:79):  the watermark is exchanging within the cluster: learner
20251110-04:01.14-681689(us) 19803 * ParseOldFormat  (configuration.cc:66): Using old configuration format
[TRANSPORT] Using default: rrr
20251110-04:01.14-681832(us) 19803 * Initialize      (rrr_rpc_backend.cc:58): RrrRpcBackend::Initialize: poll_thread_worker_ created, is_some=1
20251110-04:01.14-681854(us) 19803 * Initialize      (rrr_rpc_backend.cc:88): RrrRpcBackend initialized on 127.0.0.1:34203 (listening on 0.0.0.0:34203)
20251110-04:01.14-681860(us) 19803 * FastTransport   (fasttransport.cc:116): FastTransport initialized with rrr/rpc backend on 127.0.0.1:34203
20251110-04:01.14-681865(us) 19803 * RunEventLoop    (rrr_rpc_backend.cc:518): RrrRpcBackend::RunEventLoop: Starting event loop
20251110-04:01.14-981899(us) 19803 * ParseOldFormat  (configuration.cc:66): Using old configuration format
20251110-04:01.14-982169(us) 19803 * ParseOldFormat  (configuration.cc:66): Using old configuration format
[TRANSPORT] Using default: rrr
20251110-04:01.14-982268(us) 19803 * Initialize      (rrr_rpc_backend.cc:58): RrrRpcBackend::Initialize: poll_thread_worker_ created, is_some=1
20251110-04:01.14-982295(us) 19803 * Initialize      (rrr_rpc_backend.cc:88): RrrRpcBackend initialized on 127.0.0.1:34204 (listening on 0.0.0.0:34204)
20251110-04:01.14-982301(us) 19803 * FastTransport   (fasttransport.cc:116): FastTransport initialized with rrr/rpc backend on 127.0.0.1:34204
20251110-04:01.14-982495(us) 19803 * ParseOldFormat  (configuration.cc:66): Using old configuration format
20251110-04:01.15-981577(us) 19803 * wait_for_termination (mako.hh:534):      learner is waiting for being ended: 0/2, noops_cnt:0, replay_batch:8, wait_time:1s

we can start a advancer
start the advancer thread...
20251110-04:01.16-981682(us) 19803 * wait_for_termination (mako.hh:534):      learner is waiting for being ended: 0/2, noops_cnt:0, replay_batch:165, wait_time:2s

20251110-04:01.17-981738(us) 19803 * wait_for_termination (mako.hh:534):      learner is waiting for being ended: 0/2, noops_cnt:0, replay_batch:194, wait_time:3s

20251110-04:01.18-981821(us) 19803 * wait_for_termination (mako.hh:534):      learner is waiting for being ended: 0/2, noops_cnt:0, replay_batch:224, wait_time:4s

20251110-04:01.19-981912(us) 19803 * wait_for_termination (mako.hh:534):      learner is waiting for being ended: 0/2, noops_cnt:0, replay_batch:257, wait_time:5s

20251110-04:01.20-981999(us) 19803 * wait_for_termination (mako.hh:534):      learner is waiting for being ended: 0/2, noops_cnt:0, replay_batch:290, wait_time:6s

20251110-04:01.21-982101(us) 19803 * wait_for_termination (mako.hh:534):      learner is waiting for being ended: 0/2, noops_cnt:0, replay_batch:321, wait_time:7s

20251110-04:01.22-982188(us) 19803 * wait_for_termination (mako.hh:534):      learner is waiting for being ended: 0/2, noops_cnt:0, replay_batch:352, wait_time:8s

20251110-04:01.23-982270(us) 19803 * wait_for_termination (mako.hh:534):      learner is waiting for being ended: 0/2, noops_cnt:0, replay_batch:384, wait_time:9s

20251110-04:01.24-982346(us) 19803 * wait_for_termination (mako.hh:534):      learner is waiting for being ended: 0/2, noops_cnt:0, replay_batch:417, wait_time:10s

20251110-04:01.25-982386(us) 19803 * wait_for_termination (mako.hh:534):      learner is waiting for being ended: 0/2, noops_cnt:0, replay_batch:446, wait_time:11s

20251110-04:01.26-982477(us) 19803 * wait_for_termination (mako.hh:534):      learner is waiting for being ended: 0/2, noops_cnt:0, replay_batch:477, wait_time:12s

20251110-04:01.27-982566(us) 19803 * wait_for_termination (mako.hh:534):      learner is waiting for being ended: 0/2, noops_cnt:0, replay_batch:508, wait_time:13s

20251110-04:01.28-982623(us) 19803 * wait_for_termination (mako.hh:534):      learner is waiting for being ended: 0/2, noops_cnt:0, replay_batch:542, wait_time:14s

20251110-04:01.29-982712(us) 19803 * wait_for_termination (mako.hh:534):      learner is waiting for being ended: 0/2, noops_cnt:0, replay_batch:572, wait_time:15s

20251110-04:01.30-982794(us) 19803 * wait_for_termination (mako.hh:534):      learner is waiting for being ended: 0/2, noops_cnt:0, replay_batch:597, wait_time:16s

20251110-04:01.31-982877(us) 19803 * wait_for_termination (mako.hh:534):      learner is waiting for being ended: 0/2, noops_cnt:0, replay_batch:616, wait_time:17s

20251110-04:01.32-982967(us) 19803 * wait_for_termination (mako.hh:534):      learner is waiting for being ended: 0/2, noops_cnt:0, replay_batch:637, wait_time:18s

20251110-04:01.33-983058(us) 19803 * wait_for_termination (mako.hh:534):      learner is waiting for being ended: 0/2, noops_cnt:0, replay_batch:655, wait_time:19s

20251110-04:01.34-983138(us) 19803 * wait_for_termination (mako.hh:534):      learner is waiting for being ended: 0/2, noops_cnt:0, replay_batch:676, wait_time:20s

20251110-04:01.35-983230(us) 19803 * wait_for_termination (mako.hh:534):      learner is waiting for being ended: 0/2, noops_cnt:0, replay_batch:695, wait_time:21s

20251110-04:01.36-983321(us) 19803 * wait_for_termination (mako.hh:534):      learner is waiting for being ended: 0/2, noops_cnt:0, replay_batch:713, wait_time:22s

20251110-04:01.37-983409(us) 19803 * wait_for_termination (mako.hh:534):      learner is waiting for being ended: 0/2, noops_cnt:0, replay_batch:733, wait_time:23s

20251110-04:01.38-983493(us) 19803 * wait_for_termination (mako.hh:534):      learner is waiting for being ended: 0/2, noops_cnt:0, replay_batch:752, wait_time:24s

20251110-04:01.39-983582(us) 19803 * wait_for_termination (mako.hh:534):      learner is waiting for being ended: 0/2, noops_cnt:0, replay_batch:769, wait_time:25s

20251110-04:01.40-983682(us) 19803 * wait_for_termination (mako.hh:534):      learner is waiting for being ended: 0/2, noops_cnt:0, replay_batch:787, wait_time:26s

20251110-04:01.41-983768(us) 19803 * wait_for_termination (mako.hh:534):      learner is waiting for being ended: 0/2, noops_cnt:0, replay_batch:805, wait_time:27s

20251110-04:01.42-983836(us) 19803 * wait_for_termination (mako.hh:534):      learner is waiting for being ended: 0/2, noops_cnt:0, replay_batch:817, wait_time:28s

20251110-04:01.43-983929(us) 19803 * wait_for_termination (mako.hh:534):      learner is waiting for being ended: 0/2, noops_cnt:0, replay_batch:840, wait_time:29s

20251110-04:01.44-984017(us) 19803 * wait_for_termination (mako.hh:534):      learner is waiting for being ended: 0/2, noops_cnt:0, replay_batch:860, wait_time:30s

20251110-04:01.45-984061(us) 19803 * wait_for_termination (mako.hh:534):      learner is waiting for being ended: 0/2, noops_cnt:0, replay_batch:878, wait_time:31s

20251110-04:01.46-984146(us) 19803 * wait_for_termination (mako.hh:534):      learner is waiting for being ended: 0/2, noops_cnt:0, replay_batch:896, wait_time:32s

20251110-04:01.47-965849(us) 19803 ! operator()      (mako.hh:233):      Recieved a zero length log
20251110-04:01.47-967476(us) 19803 ! operator()      (mako.hh:233):      Recieved a zero length log
20251110-04:01.47-984234(us) 19803 * wait_for_termination (mako.hh:534):      learner is waiting for being ended: 2/2, noops_cnt:0, replay_batch:904, wait_time:33s

I [/opt/actions-runner/_work/mako-fast-reads/mako-fast-reads/src/deptran/paxos_worker.cc:140] 2025-12-10 04:01:47.965 | Recieved a zero length log
I [/opt/actions-runner/_work/mako-fast-reads/mako-fast-reads/src/deptran/paxos_worker.cc:140] 2025-12-10 04:01:47.967 | Recieved a zero length log
I [/opt/actions-runner/_work/mako-fast-reads/mako-fast-reads/src/deptran/paxos_main_helper.cc:999] 2025-12-10 04:01:49.984 | shutdown Server Control Service after task finish total submit 0
I [/opt/actions-runner/_work/mako-fast-reads/mako-fast-reads/src/deptran/benchmark_control_rpc.cc:43] 2025-12-10 04:01:49.984 | Shutdown Server Control Service
I [/opt/actions-runner/_work/mako-fast-reads/mako-fast-reads/src/deptran/benchmark_control_rpc.cc:43] 2025-12-10 04:01:49.984 | Shutdown Server Control Service
I [/opt/actions-runner/_work/mako-fast-reads/mako-fast-reads/src/deptran/paxos_main_helper.cc:311] 2025-12-10 04:01:49.984 | all server workers have shut down.
20251110-04:01.50-145206(us) 19803 ! modeMonitorRun  (common2.h:81):     start for modeMonitorRun, running:0
I [/opt/actions-runner/_work/mako-fast-reads/mako-fast-reads/src/deptran/paxos_main_helper.cc:770] 2025-12-10 04:01:49.987 | heartbeatBackground is ended!
I [/opt/actions-runner/_work/mako-fast-reads/mako-fast-reads/src/deptran/paxos_worker.cc:288] 2025-12-10 04:01:50.084 | site s401 deleting services, num: 1 0 0 0
I [/opt/actions-runner/_work/mako-fast-reads/mako-fast-reads/src/deptran/paxos/server.h:47] 2025-12-10 04:01:50.085 | site par 0, loc 3: prepare 0, accept 0, commit 0
I [/opt/actions-runner/_work/mako-fast-reads/mako-fast-reads/src/deptran/paxos_worker.cc:288] 2025-12-10 04:01:50.085 | site s402 deleting services, num: 1 0 0 0
I [/opt/actions-runner/_work/mako-fast-reads/mako-fast-reads/src/deptran/paxos/server.h:47] 2025-12-10 04:01:50.087 | site par 1, loc 3: prepare 0, accept 0, commit 0
I [/opt/actions-runner/_work/mako-fast-reads/mako-fast-reads/src/deptran/paxos_worker.cc:649] 2025-12-10 04:01:50.137 | Ending worker with n_tot 0 and n_current 0
I [/opt/actions-runner/_work/mako-fast-reads/mako-fast-reads/src/deptran/paxos_worker.cc:649] 2025-12-10 04:01:50.141 | Ending worker with n_tot 0 and n_current 0
I [/opt/actions-runner/_work/mako-fast-reads/mako-fast-reads/src/deptran/paxos_main_helper.cc:332] 2025-12-10 04:01:50.145 | exit process.
END of advancer
20251110-04:01.50-146023(us) 19803 ! client_watermark_exchange (sync_util.hh:361): client_watermark_exchange is terminated!
