=========================================
Configuration:
=========================================
  Number of shards:  3
  Shard index:       0
  Number of threads: 2
  Cluster:           localhost
  Micro benchmark:   disabled
  Replicated mode:   enabled
=========================================
20251110-04:01.03-680062(us) 19618 * ParseOldFormat  (configuration.cc:66): Using old configuration format
I [/opt/actions-runner/_work/mako-fast-reads/mako-fast-reads/src/deptran/paxos_main_helper.cc:78] 2025-12-10 04:01:03.680 | PWD : /opt/actions-runner/_work/mako-fast-reads/mako-fast-reads
I [/opt/actions-runner/_work/mako-fast-reads/mako-fast-reads/src/deptran/paxos_main_helper.cc:276] 2025-12-10 04:01:03.680 | starting process 19618
I [/opt/actions-runner/_work/mako-fast-reads/mako-fast-reads/src/deptran/config.cc:290] 2025-12-10 04:01:03.680 | LoadYML: config/1leader_2followers/paxos2_shardidx0.yml
I [/opt/actions-runner/_work/mako-fast-reads/mako-fast-reads/src/deptran/config.cc:290] 2025-12-10 04:01:03.680 | LoadYML: config/occ_paxos.yml
I [/opt/actions-runner/_work/mako-fast-reads/mako-fast-reads/src/deptran/paxos_main_helper.cc:285] 2025-12-10 04:01:03.680 | server_infos, number of sites: 2, proc_name: localhost
I [/opt/actions-runner/_work/mako-fast-reads/mako-fast-reads/src/deptran/paxos_main_helper.cc:291] 2025-12-10 04:01:03.686 | parition id of each Paxos group is 1, site-name: s102, site-id: 4
I [/opt/actions-runner/_work/mako-fast-reads/mako-fast-reads/src/deptran/paxos_main_helper.cc:291] 2025-12-10 04:01:03.691 | parition id of each Paxos group is 0, site-name: s101, site-id: 0
I [/opt/actions-runner/_work/mako-fast-reads/mako-fast-reads/src/deptran/paxos_main_helper.cc:297] 2025-12-10 04:01:03.691 | running machine-id: 0
I [/opt/actions-runner/_work/mako-fast-reads/mako-fast-reads/src/deptran/paxos_main_helper.cc:92] 2025-12-10 04:01:03.691 | launching site: 0, bind address 0.0.0.0:17001
I [/opt/actions-runner/_work/mako-fast-reads/mako-fast-reads/src/deptran/paxos_main_helper.cc:106] 2025-12-10 04:01:03.691 | waiting for server setup threads.
I [/opt/actions-runner/_work/mako-fast-reads/mako-fast-reads/src/deptran/paxos_worker.cc:198] 2025-12-10 04:01:03.691 | [service]loc_id: 0, name: s101, proc: localhost, id: 0
starting server at 0.0.0.0:17001
I [/opt/actions-runner/_work/mako-fast-reads/mako-fast-reads/src/deptran/paxos_worker.cc:221] 2025-12-10 04:01:03.691 | Server s101 ready at 0.0.0.0:17001
I [/opt/actions-runner/_work/mako-fast-reads/mako-fast-reads/src/deptran/paxos_main_helper.cc:92] 2025-12-10 04:01:03.691 | launching site: 4, bind address 0.0.0.0:17002
I [/opt/actions-runner/_work/mako-fast-reads/mako-fast-reads/src/deptran/communicator.cc:14] 2025-12-10 04:01:03.691 | setup paxos communicator
I [/opt/actions-runner/_work/mako-fast-reads/mako-fast-reads/src/deptran/communicator.cc:175] 2025-12-10 04:01:03.691 | connect to site: 127.0.0.1:17001 (attempt 0)
I [/opt/actions-runner/_work/mako-fast-reads/mako-fast-reads/src/deptran/communicator.cc:175] 2025-12-10 04:01:03.691 | connect to site: 127.0.0.1:17101 (attempt 0)
I [/opt/actions-runner/_work/mako-fast-reads/mako-fast-reads/src/deptran/paxos_worker.cc:198] 2025-12-10 04:01:03.691 | [service]loc_id: 0, name: s102, proc: localhost, id: 4
E [/opt/actions-runner/_work/mako-fast-reads/mako-fast-reads/src/rrr/rpc/client.cpp:194] 2025-12-10 04:01:03.691 | rrr::Client: connect(127.0.0.1:17101): Connection refused
starting server at 0.0.0.0:17002
Disk persistence disabled by DISABLE_DISK flag
I [/opt/actions-runner/_work/mako-fast-reads/mako-fast-reads/src/deptran/paxos_worker.cc:221] 2025-12-10 04:01:03.692 | Server s102 ready at 0.0.0.0:17002
I [/opt/actions-runner/_work/mako-fast-reads/mako-fast-reads/src/deptran/communicator.cc:14] 2025-12-10 04:01:03.692 | setup paxos communicator
I [/opt/actions-runner/_work/mako-fast-reads/mako-fast-reads/src/deptran/communicator.cc:175] 2025-12-10 04:01:03.692 | connect to site: 127.0.0.1:17001 (attempt 0)
I [/opt/actions-runner/_work/mako-fast-reads/mako-fast-reads/src/deptran/communicator.cc:175] 2025-12-10 04:01:03.692 | connect to site: 127.0.0.1:17101 (attempt 0)
E [/opt/actions-runner/_work/mako-fast-reads/mako-fast-reads/src/rrr/rpc/client.cpp:194] 2025-12-10 04:01:03.692 | rrr::Client: connect(127.0.0.1:17101): Connection refused
I [/opt/actions-runner/_work/mako-fast-reads/mako-fast-reads/src/deptran/communicator.cc:175] 2025-12-10 04:01:04.692 | connect to site: 127.0.0.1:17101 (attempt 1)
I [/opt/actions-runner/_work/mako-fast-reads/mako-fast-reads/src/deptran/communicator.cc:175] 2025-12-10 04:01:04.692 | connect to site: 127.0.0.1:17201 (attempt 0)
I [/opt/actions-runner/_work/mako-fast-reads/mako-fast-reads/src/deptran/communicator.cc:175] 2025-12-10 04:01:04.692 | connect to site: 127.0.0.1:17301 (attempt 0)
I [/opt/actions-runner/_work/mako-fast-reads/mako-fast-reads/src/deptran/communicator.cc:175] 2025-12-10 04:01:04.692 | connect to site: 127.0.0.1:17002 (attempt 0)
I [/opt/actions-runner/_work/mako-fast-reads/mako-fast-reads/src/deptran/communicator.cc:175] 2025-12-10 04:01:04.692 | connect to site: 127.0.0.1:17102 (attempt 0)
I [/opt/actions-runner/_work/mako-fast-reads/mako-fast-reads/src/deptran/communicator.cc:175] 2025-12-10 04:01:04.692 | connect to site: 127.0.0.1:17202 (attempt 0)
I [/opt/actions-runner/_work/mako-fast-reads/mako-fast-reads/src/deptran/communicator.cc:175] 2025-12-10 04:01:04.692 | connect to site: 127.0.0.1:17101 (attempt 1)
I [/opt/actions-runner/_work/mako-fast-reads/mako-fast-reads/src/deptran/communicator.cc:175] 2025-12-10 04:01:04.692 | connect to site: 127.0.0.1:17302 (attempt 0)
I [/opt/actions-runner/_work/mako-fast-reads/mako-fast-reads/src/deptran/paxos_main_helper.cc:103] 2025-12-10 04:01:04.692 | site 0 launched!
I [/opt/actions-runner/_work/mako-fast-reads/mako-fast-reads/src/deptran/communicator.cc:175] 2025-12-10 04:01:04.692 | connect to site: 127.0.0.1:17201 (attempt 0)
I [/opt/actions-runner/_work/mako-fast-reads/mako-fast-reads/src/deptran/communicator.cc:175] 2025-12-10 04:01:04.692 | connect to site: 127.0.0.1:17301 (attempt 0)
I [/opt/actions-runner/_work/mako-fast-reads/mako-fast-reads/src/deptran/communicator.cc:175] 2025-12-10 04:01:04.692 | connect to site: 127.0.0.1:17002 (attempt 0)
I [/opt/actions-runner/_work/mako-fast-reads/mako-fast-reads/src/deptran/communicator.cc:175] 2025-12-10 04:01:04.692 | connect to site: 127.0.0.1:17102 (attempt 0)
I [/opt/actions-runner/_work/mako-fast-reads/mako-fast-reads/src/deptran/communicator.cc:175] 2025-12-10 04:01:04.692 | connect to site: 127.0.0.1:17202 (attempt 0)
I [/opt/actions-runner/_work/mako-fast-reads/mako-fast-reads/src/deptran/communicator.cc:175] 2025-12-10 04:01:04.692 | connect to site: 127.0.0.1:17302 (attempt 0)
I [/opt/actions-runner/_work/mako-fast-reads/mako-fast-reads/src/deptran/paxos_main_helper.cc:103] 2025-12-10 04:01:04.692 | site 4 launched!
I [/opt/actions-runner/_work/mako-fast-reads/mako-fast-reads/src/deptran/paxos_main_helper.cc:110] 2025-12-10 04:01:04.692 | done waiting for server setup threads.
I [/opt/actions-runner/_work/mako-fast-reads/mako-fast-reads/src/deptran/paxos_worker.cc:255] 2025-12-10 04:01:04.692 | heartbeat setup for s101 on 0.0.0.0:27001
I [/opt/actions-runner/_work/mako-fast-reads/mako-fast-reads/src/deptran/paxos_worker.cc:255] 2025-12-10 04:01:04.692 | heartbeat setup for s102 on 0.0.0.0:27002
I [/opt/actions-runner/_work/mako-fast-reads/mako-fast-reads/src/deptran/paxos_main_helper.cc:117] 2025-12-10 04:01:04.692 | server workers' communicators setup
allocator::Initialize()
  hugepgsize: 2097152
  use MADV_WILLNEED: 1
  mmap() region [0x72cf71e00000, 0x72cfb2000000)
cpu0 owns [0x72cf71e00000, 0x72cf91e00000)
cpu1 owns [0x72cf91e00000, 0x72cfb1e00000)
Database Benchmark:
  pid: 19618
settings:
  num-cpus    : 32
  num-threads : 2
  shardIndex  : 0
  paxos_proc_name  : localhost
  nshards     : 3
  is_micro    : 0
  is_replicated : 1
  var-encode  : yes
  allocator   : jemalloc
system properties:
  tuple_prefetch          : no
  btree_node_prefetch     : yes
tpcc settings:
  cross_partition_transactions : 1
  read_only_snapshots          : 1
  partition_locks              : 0
  separate_tree_per_partition  : 1
  new_order_remote_item_pct    : 1
  new_order_fast_id_gen        : 1
  uniform_item_dist            : 0
  order_status_scan_hack       : 0
  workload_mix                 : [10, 10, 0, 40, 40]
new table is createded with name: customer_0, table-id: 1, on shard-server id:0
new table is createded with name: customer_1, table-id: 2, on shard-server id:0
new table is createded with name: customer_name_idx_0, table-id: 3, on shard-server id:0
new table is createded with name: customer_name_idx_1, table-id: 4, on shard-server id:0
new table is createded with name: district_0, table-id: 5, on shard-server id:0
new table is createded with name: district_1, table-id: 6, on shard-server id:0
new table is createded with name: history_0, table-id: 7, on shard-server id:0
new table is createded with name: history_1, table-id: 8, on shard-server id:0
new table is createded with name: new_order_0, table-id: 9, on shard-server id:0
new table is createded with name: new_order_1, table-id: 10, on shard-server id:0
new table is createded with name: oorder_0, table-id: 11, on shard-server id:0
new table is createded with name: oorder_1, table-id: 12, on shard-server id:0
new table is createded with name: oorder_c_id_idx_0, table-id: 13, on shard-server id:0
new table is createded with name: oorder_c_id_idx_1, table-id: 14, on shard-server id:0
new table is createded with name: order_line_0, table-id: 15, on shard-server id:0
new table is createded with name: order_line_1, table-id: 16, on shard-server id:0
new table is createded with name: stock_0, table-id: 17, on shard-server id:0
new table is createded with name: stock_1, table-id: 18, on shard-server id:0
new table is createded with name: stock_data_0, table-id: 19, on shard-server id:0
new table is createded with name: stock_data_1, table-id: 20, on shard-server id:0
new table is createded with name: warehouse_0, table-id: 21, on shard-server id:0
new table is createded with name: warehouse_1, table-id: 22, on shard-server id:0
new table is createded with name: item, table-id: 23, on shard-server id:0
new table is createded with name: customer_remote_3, table-id: 201, on shard-server id:1
new table is createded with name: customer_remote_4, table-id: 202, on shard-server id:1
new table is createded with name: customer_remote_5, table-id: 401, on shard-server id:2
new table is createded with name: customer_remote_6, table-id: 402, on shard-server id:2
new table is createded with name: customer_name_idx_remote_3, table-id: 203, on shard-server id:1
new table is createded with name: customer_name_idx_remote_4, table-id: 204, on shard-server id:1
new table is createded with name: customer_name_idx_remote_5, table-id: 403, on shard-server id:2
new table is createded with name: customer_name_idx_remote_6, table-id: 404, on shard-server id:2
new table is createded with name: district_remote_3, table-id: 205, on shard-server id:1
new table is createded with name: district_remote_4, table-id: 206, on shard-server id:1
new table is createded with name: district_remote_5, table-id: 405, on shard-server id:2
new table is createded with name: district_remote_6, table-id: 406, on shard-server id:2
new table is createded with name: history_remote_3, table-id: 207, on shard-server id:1
new table is createded with name: history_remote_4, table-id: 208, on shard-server id:1
new table is createded with name: history_remote_5, table-id: 407, on shard-server id:2
new table is createded with name: history_remote_6, table-id: 408, on shard-server id:2
new table is createded with name: new_order_remote_3, table-id: 209, on shard-server id:1
new table is createded with name: new_order_remote_4, table-id: 210, on shard-server id:1
new table is createded with name: new_order_remote_5, table-id: 409, on shard-server id:2
new table is createded with name: new_order_remote_6, table-id: 410, on shard-server id:2
new table is createded with name: oorder_remote_3, table-id: 211, on shard-server id:1
new table is createded with name: oorder_remote_4, table-id: 212, on shard-server id:1
new table is createded with name: oorder_remote_5, table-id: 411, on shard-server id:2
new table is createded with name: oorder_remote_6, table-id: 412, on shard-server id:2
new table is createded with name: oorder_c_id_idx_remote_3, table-id: 213, on shard-server id:1
new table is createded with name: oorder_c_id_idx_remote_4, table-id: 214, on shard-server id:1
new table is createded with name: oorder_c_id_idx_remote_5, table-id: 413, on shard-server id:2
new table is createded with name: oorder_c_id_idx_remote_6, table-id: 414, on shard-server id:2
new table is createded with name: order_line_remote_3, table-id: 215, on shard-server id:1
new table is createded with name: order_line_remote_4, table-id: 216, on shard-server id:1
new table is createded with name: order_line_remote_5, table-id: 415, on shard-server id:2
new table is createded with name: order_line_remote_6, table-id: 416, on shard-server id:2
new table is createded with name: stock_remote_3, table-id: 217, on shard-server id:1
new table is createded with name: stock_remote_4, table-id: 218, on shard-server id:1
new table is createded with name: stock_remote_5, table-id: 417, on shard-server id:2
new table is createded with name: stock_remote_6, table-id: 418, on shard-server id:2
new table is createded with name: stock_data_remote_3, table-id: 219, on shard-server id:1
new table is createded with name: stock_data_remote_4, table-id: 220, on shard-server id:1
new table is createded with name: stock_data_remote_5, table-id: 419, on shard-server id:2
new table is createded with name: stock_data_remote_6, table-id: 420, on shard-server id:2
new table is createded with name: warehouse_remote_3, table-id: 221, on shard-server id:1
new table is createded with name: warehouse_remote_4, table-id: 222, on shard-server id:1
new table is createded with name: warehouse_remote_5, table-id: 421, on shard-server id:2
new table is createded with name: warehouse_remote_6, table-id: 422, on shard-server id:2
new table is createded with name: item_remote_3, table-id: 223, on shard-server id:1
new table is createded with name: item_remote_4, table-id: 224, on shard-server id:1
new table is createded with name: item_remote_5, table-id: 423, on shard-server id:2
new table is createded with name: item_remote_6, table-id: 424, on shard-server id:2
20251110-04:01.07-693336(us) 19618 * ParseOldFormat  (configuration.cc:66): Using old configuration format
20251110-04:01.07-693367(us) 19618 * ParseOldFormat  (configuration.cc:66): Using old configuration format
[TRANSPORT] Using default: rrr
[TRANSPORT] Using default: rrr
20251110-04:01.07-693476(us) 19618 * Initialize      (rrr_rpc_backend.cc:58): RrrRpcBackend::Initialize: poll_thread_worker_ created, is_some=1
20251110-04:01.07-693499(us) 19618 * Initialize      (rrr_rpc_backend.cc:88): RrrRpcBackend initialized on 127.0.0.1:31007 (listening on 0.0.0.0:31007)
20251110-04:01.07-693504(us) 19618 * FastTransport   (fasttransport.cc:116): FastTransport initialized with rrr/rpc backend on 127.0.0.1:31007
20251110-04:01.07-693513(us) 19618 * Initialize      (rrr_rpc_backend.cc:58): RrrRpcBackend::Initialize: poll_thread_worker_ created, is_some=1
20251110-04:01.07-693530(us) 19618 * RunEventLoop    (rrr_rpc_backend.cc:518): RrrRpcBackend::RunEventLoop: Starting event loop
20251110-04:01.07-693549(us) 19618 * Initialize      (rrr_rpc_backend.cc:88): RrrRpcBackend initialized on 127.0.0.1:31008 (listening on 0.0.0.0:31008)
20251110-04:01.07-693556(us) 19618 * FastTransport   (fasttransport.cc:116): FastTransport initialized with rrr/rpc backend on 127.0.0.1:31008
20251110-04:01.07-693565(us) 19618 * RunEventLoop    (rrr_rpc_backend.cc:518): RrrRpcBackend::RunEventLoop: Starting event loop
20251110-04:01.07-694044(us) 19618 * ParseOldFormat  (configuration.cc:66): Using old configuration format
20251110-04:01.07-694068(us) 19618 * ParseOldFormat  (configuration.cc:66): Using old configuration format
20251110-04:01.07-694141(us) 19618 * ParseOldFormat  (configuration.cc:66): Using old configuration format
20251110-04:01.07-694162(us) 19618 * ParseOldFormat  (configuration.cc:66): Using old configuration format
20251110-04:01.07-694290(us) 19618 * ParseOldFormat  (configuration.cc:66): Using old configuration format
20251110-04:01.07-694319(us) 19618 * ParseOldFormat  (configuration.cc:66): Using old configuration format
20251110-04:01.07-694392(us) 19618 * ParseOldFormat  (configuration.cc:66): Using old configuration format
20251110-04:01.07-694408(us) 19618 * ParseOldFormat  (configuration.cc:66): Using old configuration format
20251110-04:01.07-695627(us) 19618 ! run             (bench.cc:357):     # of loaders size:6
start worker:1871
[INFO] finished loading warehouse
[INFO]   * average warehouse record length: 97 bytes
[INFO] finished loading item
[INFO]   * average item record length: 84.1739 bytes
PinToWarehouseId(): coreid=2 pinned to whse=1 (partid=0)
PinToWarehouseId(): coreid=3 pinned to whse=1 (partid=0)
PinToWarehouseId(): coreid=3 pinned to whse=2 (partid=1)
[INFO] finished loading district
[INFO]   * average district record length: 99 bytes
PinToWarehouseId(): coreid=2 pinned to whse=2 (partid=1)
[INFO] finished loading stock
[INFO]   * average stock record length: 8 bytes
PinToWarehouseId(): coreid=5 pinned to whse=1 (partid=0)
num batches: 30
PinToWarehouseId(): coreid=4 pinned to whse=1 (partid=0)
PinToWarehouseId(): coreid=5 pinned to whse=2 (partid=1)
[INFO] finished loading order
[INFO]   * average order_line record length: 11.1187 bytes
[INFO]   * average oorder record length: 7.7038 bytes
[INFO]   * average new_order record length: 12 bytes
PinToWarehouseId(): coreid=4 pinned to whse=2 (partid=1)
[INFO] finished loading customer
[INFO]   * average customer record length: 153.862 bytes 
timed region dataloading took 2021.46 ms
DB size: 708.477 MB
[0, 0, 0] txns persisted in loading phase
20251110-04:01.09-717114(us) 19618 ! run             (bench.cc:410):     # of nthreads:2
starting benchmark...
--------------Finish loading data and wait for others completing load phase ------------
tpcc: worker id 32 => warehouses [1, 2)
tpcc: worker id 33 => warehouses [2, 3)
No JEMALLOC_NO_RENAME
No JEMALLOC_NO_RENAME
20251110-04:01.16-727583(us) 19618 * ParseOldFormat  (configuration.cc:66): Using old configuration format
20251110-04:01.16-727833(us) 19618 * ParseOldFormat  (configuration.cc:66): Using old configuration format
20251110-04:01.16-727884(us) 19618 * ParseOldFormat  (configuration.cc:66): Using old configuration format
[TRANSPORT] Using default: rrr
20251110-04:01.16-728041(us) 19618 * Initialize      (rrr_rpc_backend.cc:58): RrrRpcBackend::Initialize: poll_thread_worker_ created, is_some=1
20251110-04:01.16-728076(us) 19618 * Initialize      (rrr_rpc_backend.cc:88): RrrRpcBackend initialized on 127.0.0.1:31000 (listening on 0.0.0.0:31000)
20251110-04:01.16-728082(us) 19618 * FastTransport   (fasttransport.cc:116): FastTransport initialized with rrr/rpc backend on 127.0.0.1:31000
20251110-04:01.16-728297(us) 19618 * ParseOldFormat  (configuration.cc:66): Using old configuration format
20251110-04:01.16-728311(us) 19618 * ParseOldFormat  (configuration.cc:66): Using old configuration format
[TRANSPORT] Using default: rrr
20251110-04:01.16-728728(us) 19618 * Initialize      (rrr_rpc_backend.cc:58): RrrRpcBackend::Initialize: poll_thread_worker_ created, is_some=1
20251110-04:01.16-728763(us) 19618 * Initialize      (rrr_rpc_backend.cc:88): RrrRpcBackend initialized on 127.0.0.1:31001 (listening on 0.0.0.0:31001)
20251110-04:01.16-728772(us) 19618 * FastTransport   (fasttransport.cc:116): FastTransport initialized with rrr/rpc backend on 127.0.0.1:31001
20251110-04:01.16-729145(us) 19618 * ParseOldFormat  (configuration.cc:66): Using old configuration format
20251110-04:01.16-729332(us) 19618 ! run             (bench.cc:461):     start the running time, runTime:30
20251110-04:01.16-729346(us) 19618 ! run             (bench.cc:473):     runtime time left:30000 ms, bool:1
we can start a advancer
start the advancer thread...
20251110-04:01.17-734926(us) 19618 ! run             (bench.cc:473):     runtime time left:29000 ms, bool:1
20251110-04:01.18-740348(us) 19618 ! run             (bench.cc:473):     runtime time left:28000 ms, bool:1
20251110-04:01.19-745797(us) 19618 ! run             (bench.cc:473):     runtime time left:27000 ms, bool:1
20251110-04:01.20-751506(us) 19618 ! run             (bench.cc:473):     runtime time left:26000 ms, bool:1
20251110-04:01.21-756989(us) 19618 ! run             (bench.cc:473):     runtime time left:25000 ms, bool:1
20251110-04:01.22-763237(us) 19618 ! run             (bench.cc:473):     runtime time left:24000 ms, bool:1
20251110-04:01.23-768622(us) 19618 ! run             (bench.cc:473):     runtime time left:23000 ms, bool:1
20251110-04:01.24-774017(us) 19618 ! run             (bench.cc:473):     runtime time left:22000 ms, bool:1
20251110-04:01.25-779541(us) 19618 ! run             (bench.cc:473):     runtime time left:21000 ms, bool:1
20251110-04:01.26-785164(us) 19618 ! run             (bench.cc:473):     runtime time left:20000 ms, bool:1
20251110-04:01.27-790942(us) 19618 ! run             (bench.cc:473):     runtime time left:19000 ms, bool:1
20251110-04:01.28-796179(us) 19618 ! run             (bench.cc:473):     runtime time left:18000 ms, bool:1
20251110-04:01.29-801710(us) 19618 ! run             (bench.cc:473):     runtime time left:17000 ms, bool:1
20251110-04:01.30-807095(us) 19618 ! run             (bench.cc:473):     runtime time left:16000 ms, bool:1
20251110-04:01.31-812679(us) 19618 ! run             (bench.cc:473):     runtime time left:15000 ms, bool:1
20251110-04:01.32-818266(us) 19618 ! run             (bench.cc:473):     runtime time left:14000 ms, bool:1
20251110-04:01.33-823776(us) 19618 ! run             (bench.cc:473):     runtime time left:13000 ms, bool:1
20251110-04:01.34-829083(us) 19618 ! run             (bench.cc:473):     runtime time left:12000 ms, bool:1
20251110-04:01.35-834444(us) 19618 ! run             (bench.cc:473):     runtime time left:11000 ms, bool:1
20251110-04:01.36-839704(us) 19618 ! run             (bench.cc:473):     runtime time left:10000 ms, bool:1
20251110-04:01.37-845213(us) 19618 ! run             (bench.cc:473):     runtime time left:9000 ms, bool:1
20251110-04:01.38-850598(us) 19618 ! run             (bench.cc:473):     runtime time left:8000 ms, bool:1
20251110-04:01.39-856007(us) 19618 ! run             (bench.cc:473):     runtime time left:7000 ms, bool:1
20251110-04:01.40-861346(us) 19618 ! run             (bench.cc:473):     runtime time left:6000 ms, bool:1
20251110-04:01.41-866852(us) 19618 ! run             (bench.cc:473):     runtime time left:5000 ms, bool:1
20251110-04:01.42-873754(us) 19618 ! run             (bench.cc:473):     runtime time left:4000 ms, bool:1
20251110-04:01.43-878942(us) 19618 ! run             (bench.cc:473):     runtime time left:3000 ms, bool:1
20251110-04:01.44-884205(us) 19618 ! run             (bench.cc:473):     runtime time left:2000 ms, bool:1
20251110-04:01.45-889371(us) 19618 ! run             (bench.cc:473):     runtime time left:1000 ms, bool:1
20251110-04:01.46-895003(us) 19618 ! run             (bench.cc:483):     runtime_plus:0
[SHUTDOWN] Setting running=false to stop database worker threads
[SHUTDOWN] Calling first stop() to stop client transports
20251110-04:01.46-895034(us) 19618 jump out the while loop
! stop            (bench.cc:332):     stop all erpc clients. set stop=false
20251110-04:01.46-895050(us) 19618 * Stop            (rrr_rpc_backend.cc:599): RrrRpcBackend::Stop: BEGIN - Setting stop flag
20251110-04:01.46-895058(us) 19618 * Stop            (rrr_rpc_backend.cc:602): RrrRpcBackend::Stop: Waiting for event loop to exit...
20251110-04:01.46-895076(us) 19618 * Stop            (rrr_rpc_backend.cc:618): RrrRpcBackend::Stop: Event loop exited successfully
20251110-04:01.46-895083(us) 19618 * Stop            (rrr_rpc_backend.cc:622): RrrRpcBackend::Stop: Signaling 0 request queues to stop
20251110-04:01.46-895093(us) 19618 * Stop            (rrr_rpc_backend.cc:630): RrrRpcBackend::Stop: Signaling 0 response queues to stop
20251110-04:01.46-895101(us) 19618 * Stop            (rrr_rpc_backend.cc:641): RrrRpcBackend::Stop: Server cleanup deferred to destructor
20251110-04:01.46-895115(us) 19618 * Stop            (rrr_rpc_backend.cc:644): RrrRpcBackend::Stop: Closing client connections
20251110-04:01.46-895119(us) 19618 * Stop            (rrr_rpc_backend.cc:648): RrrRpcBackend::Stop: Found 2 client connections to close
20251110-04:01.46-895128(us) 19618 * PrintStats      (rrr_rpc_backend.cc:689): RrrRpcBackend request stats: msg_size_req_sent: 3647530 bytes, counter: 72035, avg: 50.635524
20251110-04:01.46-895165(us) 19618 * Stop            (rrr_rpc_backend.cc:668): RrrRpcBackend::Stop: Closed 2 client connections
20251110-04:01.46-895171(us) 19618 * Stop            (rrr_rpc_backend.cc:680): RrrRpcBackend stats: msg_size_resp_sent: 0 bytes, counter: 0, avg: -nan
20251110-04:01.46-895176(us) 19618 * Stop            (rrr_rpc_backend.cc:683): RrrRpcBackend::Stop: END
20251110-04:01.46-895181(us) 19618 * Stop            (rrr_rpc_backend.cc:599): RrrRpcBackend::Stop: BEGIN - Setting stop flag
20251110-04:01.46-895185(us) 19618 * Stop            (rrr_rpc_backend.cc:602): RrrRpcBackend::Stop: Waiting for event loop to exit...
20251110-04:01.46-895189(us) 19618 * Stop            (rrr_rpc_backend.cc:618): RrrRpcBackend::Stop: Event loop exited successfully
20251110-04:01.46-895193(us) 19618 * Stop            (rrr_rpc_backend.cc:622): RrrRpcBackend::Stop: Signaling 0 request queues to stop
20251110-04:01.46-895197(us) 19618 * Stop            (rrr_rpc_backend.cc:630): RrrRpcBackend::Stop: Signaling 0 response queues to stop
20251110-04:01.46-895202(us) 19618 * Stop            (rrr_rpc_backend.cc:641): RrrRpcBackend::Stop: Server cleanup deferred to destructor
20251110-04:01.46-895206(us) 19618 * Stop            (rrr_rpc_backend.cc:644): RrrRpcBackend::Stop: Closing client connections
20251110-04:01.46-895210(us) 19618 * Stop            (rrr_rpc_backend.cc:648): RrrRpcBackend::Stop: Found 2 client connections to close
20251110-04:01.46-895246(us) 19618 ! SendToShard     (rrr_rpc_backend.cc:301): RrrRpcBackend::SendToShard: stop requested after wait, aborting
20251110-04:01.46-895273(us) 19618 * Stop            (rrr_rpc_backend.cc:668): RrrRpcBackend::Stop: Closed 2 client connections
20251110-04:01.46-895296(us) 19618 * Stop            (rrr_rpc_backend.cc:680): RrrRpcBackend stats: msg_size_resp_sent: 0 bytes, counter: 0, avg: -nan
20251110-04:01.46-895305(us) 19618 * Stop            (rrr_rpc_backend.cc:683): RrrRpcBackend::Stop: END
[SHUTDOWN] First stop() completed
20251110-04:01.46-895310(us) 19618 ! SendBatchToAll  (rrr_rpc_backend.cc:440): [SHUTDOWN] Joining 2 worker threads
[SHUTDOWN] Joining worker 0RrrRpcBackend::SendBatchToAll: stop requested, not sending (req_type=10)

20251110-04:01.46-895333(us) 19618 ! SendToAll       (rrr_rpc_backend.cc:340): RrrRpcBackend::SendToAll: stop requested, not sending (req_type=8)
20251110-04:01.46-895340(us) 19618 ! SendToAll       (rrr_rpc_backend.cc:340): RrrRpcBackend::SendToAll: stop requested, not sending (req_type=3)
20251110-04:01.46-895349(us) 19618 ! SendToAll       (rrr_rpc_backend.cc:340): RrrRpcBackend::SendToAll: stop requested, not sending (req_type=4)
jump out the while loop
20251110-04:01.46-895363(us) 19618 * PrintStats      (rrr_rpc_backend.cc:689): RrrRpcBackend request stats: msg_size_req_sent: 2221802 bytes, counter: 43324, avg: 51.283400
[SHUTDOWN] Worker 0 joined
[SHUTDOWN] Joining worker 1
[SHUTDOWN] Worker 1 joined
[SHUTDOWN] All workers joined
[SHUTDOWN] Calling stop_erpc_server()
[STOP_SERVER] Stopping 2 server transports
[STOP_SERVER] Stopping server transport 0
20251110-04:01.47-895634(us) 19618 * Stop            (rrr_rpc_backend.cc:599): RrrRpcBackend::Stop: BEGIN - Setting stop flag
20251110-04:01.47-895647(us) 19618 * Stop            (rrr_rpc_backend.cc:602): RrrRpcBackend::Stop: Waiting for event loop to exit...
20251110-04:01.47-895692(us) 19618 * RunEventLoop    (rrr_rpc_backend.cc:583): RrrRpcBackend::RunEventLoop: Stop flag detected, exiting event loop
20251110-04:01.47-895708(us) 19618 * RunEventLoop    (rrr_rpc_backend.cc:587): RrrRpcBackend::RunEventLoop: Exited cleanly
20251110-04:01.47-895723(us) 19618 * erpc_server     (rpc_setup.cc:121): the erpc_server is terminated on shardIdx:0, alpha:0!
20251110-04:01.47-905692(us) 19618 * Stop            (rrr_rpc_backend.cc:618): RrrRpcBackend::Stop: Event loop exited successfully
20251110-04:01.47-905713(us) 19618 * Stop            (rrr_rpc_backend.cc:622): RrrRpcBackend::Stop: Signaling 2 request queues to stop
20251110-04:01.47-905722(us) 19618 * Stop            (rrr_rpc_backend.cc:625): RrrRpcBackend::Stop: Stopping request queue for server_id 4
20251110-04:01.47-905741(us) 19618 * Stop            (rrr_rpc_backend.cc:625): RrrRpcBackend::Stop: Stopping request queue for server_id 2
20251110-04:01.47-905749(us) 19618 * Stop            (rrr_rpc_backend.cc:630): RrrRpcBackend::Stop: Signaling 2 response queues to stop
20251110-04:01.47-905754(us) 19618 * Stop            (rrr_rpc_backend.cc:633): RrrRpcBackend::Stop: Stopping response queue for server_id 4
20251110-04:01.47-905758(us) 19618 * Stop            (rrr_rpc_backend.cc:633): RrrRpcBackend::Stop: Stopping response queue for server_id 2
20251110-04:01.47-905763(us) 19618 * Stop            (rrr_rpc_backend.cc:641): RrrRpcBackend::Stop: Server cleanup deferred to destructor
20251110-04:01.47-905767(us) 19618 * Stop            (rrr_rpc_backend.cc:644): RrrRpcBackend::Stop: Closing client connections
20251110-04:01.47-905771(us) 19618 * Stop            (rrr_rpc_backend.cc:648): RrrRpcBackend::Stop: Found 0 client connections to close
20251110-04:01.47-905776(us) 19618 * Stop            (rrr_rpc_backend.cc:668): RrrRpcBackend::Stop: Closed 0 client connections
20251110-04:01.47-905780(us) 19618 * Stop            (rrr_rpc_backend.cc:680): RrrRpcBackend stats: msg_size_resp_sent: 2646372 bytes, counter: 71191, avg: 37.172845
20251110-04:01.47-905786(us) 19618 * Stop            (rrr_rpc_backend.cc:683): RrrRpcBackend::Stop: END
[STOP_SERVER] Server transport 0 stopped
[STOP_SERVER] Stopping server transport 1
20251110-04:01.47-905798(us) 19618 * Stop            (rrr_rpc_backend.cc:599): RrrRpcBackend::Stop: BEGIN - Setting stop flag
20251110-04:01.47-905802(us) 19618 * Stop            (rrr_rpc_backend.cc:602): RrrRpcBackend::Stop: Waiting for event loop to exit...
20251110-04:01.47-905941(us) 19618 * RunEventLoop    (rrr_rpc_backend.cc:583): RrrRpcBackend::RunEventLoop: Stop flag detected, exiting event loop
20251110-04:01.47-905960(us) 19618 * RunEventLoop    (rrr_rpc_backend.cc:587): RrrRpcBackend::RunEventLoop: Exited cleanly
20251110-04:01.47-905965(us) 19618 * erpc_server     (rpc_setup.cc:121): the erpc_server is terminated on shardIdx:0, alpha:1!
20251110-04:01.47-915836(us) 19618 * Stop            (rrr_rpc_backend.cc:618): RrrRpcBackend::Stop: Event loop exited successfully
20251110-04:01.47-915855(us) 19618 * Stop            (rrr_rpc_backend.cc:622): RrrRpcBackend::Stop: Signaling 2 request queues to stop
20251110-04:01.47-915860(us) 19618 * Stop            (rrr_rpc_backend.cc:625): RrrRpcBackend::Stop: Stopping request queue for server_id 5
20251110-04:01.47-915868(us) 19618 * Stop            (rrr_rpc_backend.cc:625): RrrRpcBackend::Stop: Stopping request queue for server_id 3
20251110-04:01.47-915875(us) 19618 * Stop            (rrr_rpc_backend.cc:630): RrrRpcBackend::Stop: Signaling 2 response queues to stop
20251110-04:01.47-915880(us) 19618 * Stop            (rrr_rpc_backend.cc:633): RrrRpcBackend::Stop: Stopping response queue for server_id 5
20251110-04:01.47-915884(us) 19618 * Stop            (rrr_rpc_backend.cc:633): RrrRpcBackend::Stop: Stopping response queue for server_id 3
20251110-04:01.47-915888(us) 19618 * Stop            (rrr_rpc_backend.cc:641): RrrRpcBackend::Stop: Server cleanup deferred to destructor
20251110-04:01.47-915894(us) 19618 * Stop            (rrr_rpc_backend.cc:644): RrrRpcBackend::Stop: Closing client connections
20251110-04:01.47-915898(us) 19618 * Stop            (rrr_rpc_backend.cc:648): RrrRpcBackend::Stop: Found 0 client connections to close
20251110-04:01.47-915902(us) 19618 * Stop            (rrr_rpc_backend.cc:668): RrrRpcBackend::Stop: Closed 0 client connections
20251110-04:01.47-915919(us) 19618 * Stop            (rrr_rpc_backend.cc:680): RrrRpcBackend stats: msg_size_resp_sent: 2051303 bytes, counter: 54856, avg: 37.394323
20251110-04:01.47-915925(us) 19618 * Stop            (rrr_rpc_backend.cc:683): RrrRpcBackend::Stop: END
[STOP_SERVER] Server transport 1 stopped
[STOP_SERVER] All server transports stopped
[SHUTDOWN] stop_erpc_server() completed
[SHUTDOWN] Calling second stop()
20251110-04:01.47-915946(us) 19618 ! stop            (bench.cc:332):     stop all erpc clients. set stop=false
[SHUTDOWN] Second stop() completed
[SHUTDOWN] Calling do_txn_finish()
[SHUTDOWN] do_txn_finish() completed
--- n_commits per partition ---
 par_id: 0, n_commits: 404029
 par_id: 1, n_commits: 684668
--- benchmark statistics ---
runtime: 30.1866 sec
memory delta: 18130.9 MB
n_commits: 1088697
latency_numer_us: 28721930
latency_numer_us_remote: 18822407
memory delta rate: 600.625 MB/sec
logical memory delta: 15.3817 MB
logical memory delta rate: 0.509553 MB/sec
agg_nosync_throughput: 36065.5 ops/sec
avg_nosync_per_core_throughput: 18032.8 ops/sec/core
agg_throughput: 36065.5 ops/sec
avg_per_core_throughput: 18032.8 ops/sec/core
agg_persist_throughput: 36065.5 ops/sec
avg_per_core_persist_throughput: 18032.8 ops/sec/core
avg_latency: 0.0263819 ms
avg_persist_latency: 0 ms
agg_abort_rate: 152.153 aborts/sec
avg_per_core_abort_rate: 76.0767 aborts/sec/core
  NewOrder_local_commit_latency: 0.0206134 ms
  NewOrder_local_abort_latency: 0.0114983 ms
  NewOrder_local_abort_ratio: 0.00851119
  Payment_local_commit_latency: 0.00723696 ms
  Payment_local_abort_latency: 0.00265311 ms
  Payment_local_abort_ratio: 0.00109835
  OrderStatus_local_commit_latency: 0.00447286 ms
  OrderStatus_local_abort_latency: 0.00138433 ms
  OrderStatus_local_abort_ratio: 0.00104042
  StockLevel_local_commit_latency: 0.0565022 ms
  StockLevel_local_abort_latency: 0.0342686 ms
  StockLevel_local_abort_ratio: 0.00681288
  NewOrder_remote_ratio: 7.59411 %
  NewOrder_remote_abort_ratio: 1.63142 %
  NewOrder_remote_commit_latency: 0.859583 ms
  NewOrder_remote_abort_latency: 59.5566 ms
  Payment_remote_ratio: 11.9404 %
  Payment_remote_abort_ratio: 0.458505 %
  Payment_remote_commit_latency: 0.908644 ms
  Payment_remote_abort_latency: 67.1496 ms
--- system counters (for benchmark) ---
--- perf counters (if enabled, for benchmark) ---
--- allocator stats ---
[allocator] ncpus=2
[allocator] cpu=0 fully_faulted?=0 remaining=536870912 bytes
[allocator] cpu=1 fully_faulted?=0 remaining=536870912 bytes
---------------------------------------
--- system counters for n_comits ---
[STOP_SERVER] Stopping 2 server transports
[STOP_SERVER] Stopping server transport 0
20251110-04:01.47-916200(us) 19618 * Stop            (rrr_rpc_backend.cc:595): RrrRpcBackend::Stop: Already stopped, returning
[STOP_SERVER] Server transport 0 stopped
[STOP_SERVER] Stopping server transport 1
20251110-04:01.47-916210(us) 19618 * Stop            (rrr_rpc_backend.cc:595): RrrRpcBackend::Stop: Already stopped, returning
[STOP_SERVER] Server transport 1 stopped
[STOP_SERVER] All server transports stopped
20251110-04:01.47-916224(us) 19618 ! send_end_signal (mako.hh:834):      ######--------------###### send endLlogs #####---------------######
20251110-04:01.47-916235(us) 19618 * db_close        (mako.hh:861):      Leader sent end signal, waiting 3 seconds for propagation...
20251110-04:01.47-966901(us) 19618 ! operator()      (mako.hh:391):      Recieved a zero length log
20251110-04:01.47-966931(us) 19618 ! operator()      (mako.hh:391):      Recieved a zero length log
I [/opt/actions-runner/_work/mako-fast-reads/mako-fast-reads/src/deptran/paxos_worker.cc:140] 2025-12-10 04:01:47.966 | Recieved a zero length log
I [/opt/actions-runner/_work/mako-fast-reads/mako-fast-reads/src/deptran/paxos_worker.cc:140] 2025-12-10 04:01:47.966 | Recieved a zero length log
I [/opt/actions-runner/_work/mako-fast-reads/mako-fast-reads/src/deptran/paxos_main_helper.cc:999] 2025-12-10 04:01:52.916 | shutdown Server Control Service after task finish total submit 0
I [/opt/actions-runner/_work/mako-fast-reads/mako-fast-reads/src/deptran/benchmark_control_rpc.cc:43] 2025-12-10 04:01:52.916 | Shutdown Server Control Service
I [/opt/actions-runner/_work/mako-fast-reads/mako-fast-reads/src/deptran/benchmark_control_rpc.cc:43] 2025-12-10 04:01:52.916 | Shutdown Server Control Service
I [/opt/actions-runner/_work/mako-fast-reads/mako-fast-reads/src/deptran/paxos_main_helper.cc:311] 2025-12-10 04:01:52.916 | all server workers have shut down.
I [/opt/actions-runner/_work/mako-fast-reads/mako-fast-reads/src/deptran/paxos_worker.cc:288] 2025-12-10 04:01:53.016 | site s101 deleting services, num: 1 0 634 634
I [/opt/actions-runner/_work/mako-fast-reads/mako-fast-reads/src/deptran/paxos/server.h:47] 2025-12-10 04:01:53.066 | site par 0, loc 0: prepare 0, accept 634, commit 634
I [/opt/actions-runner/_work/mako-fast-reads/mako-fast-reads/src/deptran/paxos_worker.cc:288] 2025-12-10 04:01:53.072 | site s102 deleting services, num: 1 0 311 311
I [/opt/actions-runner/_work/mako-fast-reads/mako-fast-reads/src/deptran/paxos/server.h:47] 2025-12-10 04:01:53.122 | site par 1, loc 0: prepare 0, accept 311, commit 311
I [/opt/actions-runner/_work/mako-fast-reads/mako-fast-reads/src/deptran/paxos_worker.cc:649] 2025-12-10 04:01:53.175 | Ending worker with n_tot 634 and n_current 634
I [/opt/actions-runner/_work/mako-fast-reads/mako-fast-reads/src/deptran/paxos_worker.cc:649] 2025-12-10 04:01:53.185 | Ending worker with n_tot 311 and n_current 311
I [/opt/actions-runner/_work/mako-fast-reads/mako-fast-reads/src/deptran/paxos_main_helper.cc:332] 2025-12-10 04:01:53.191 | exit process.
END of advancer
